Microchip MPLAB XC8 Compiler V2.40

Linker command line:

-W-3 \
  --edf=C:\Program Files\Microchip\xc8\v2.40\pic\dat\20220703182018_en.msgs \
  -cn -h+dist/default/production\moinho.X.production.sym \
  --cmf=dist/default/production\moinho.X.production.cmf -z -Q16F877A \
  -oC:\Users\migue\AppData\Local\Temp\xcAsd78.4 --defsym=__MPLAB_BUILD=1 \
  --fixupoverflow=error -Mdist/default/production/moinho.X.production.map \
  --md=C:\Users\migue\AppData\Local\Temp\xcAsd78.dat -E1 -ver=XC8 Compiler \
  --acfsm=1493 -ACODE=00h-07FFhx4 -ASTRCODE=00h-01FFFh -ASTRING=00h-0FFhx32 \
  -ACONST=00h-0FFhx32 -AENTRY=00h-0FFhx32 -ACOMMON=070h-07Fh \
  -ABANK0=020h-06Fh -ABANK1=0A0h-0EFh -ABANK2=0110h-016Fh \
  -ABANK3=0190h-01EFh -ARAM=020h-06Fh,0A0h-0EFh,0110h-016Fh,0190h-01EFh \
  -AABS1=020h-07Fh,0A0h-0EFh,0110h-016Fh,0190h-01EFh -ASFR0=00h-01Fh \
  -ASFR1=080h-09Fh -ASFR2=0100h-010Fh -ASFR3=0180h-018Fh \
  -ACONFIG=02007h-02007h -DCONFIG=2 -AIDLOC=02000h-02003h -DIDLOC=2 \
  -AEEDATA=00h-0FFh/02100h -peeprom_data=EEDATA -DEEDATA=2 -DCODE=2 \
  -DSTRCODE=2 -DSTRING=2 -DCONST=2 -DENTRY=2 \
  -preset_vec=00h,intentry=04h,init,end_init -ppowerup=CODE -pcinit=CODE \
  -pfunctab=ENTRY -k C:\Users\migue\AppData\Local\Temp\xcAsd78.o \
  dist/default/production\moinho.X.production.o 

Object code version is 3.11

Machine type is 16F877A



                Name                               Link     Load   Length Selector   Space Scale
C:\Users\migue\AppData\Local\Temp\xcAsd78.o
                end_init                              E        E        3        8       0
                reset_vec                             0        0        3        0       0
                config                             2007     2007        1        0       4
dist/default/production\moinho.X.production.o
                cinit                                11       11       14        8       0
                intentry                              4        4        A        8       0
                config                             2007     2007        1        0       4
                text8                                25       25      327        8       0
                text7                               7A8      7A8       20      D2E       0
                text6                               7C8      7C8       1C      D2E       0
                text5                               7E4      7E4        D      D2E       0
                text4                               697      697       63      D2E       0
                text3                               6FA      6FA       4C      D2E       0
                text2                               746      746       39      D2E       0
                text1                               77F      77F       29      D2E       0
                maintext                            34C      34C      2D1        8       0
                cstackBANK0                          20       20        D       20       1
                cstackCOMMON                         70       70        5       70       1
                bssBANK0                             2D       2D        A       20       1
                bssCOMMON                            75       75        4       70       1
                strings                             61D      61D       7A      C3A       0

TOTAL           Name                               Link     Load   Length     Space
        CLASS   CODE           
                end_init                              E        E        3         0
                cinit                                11       11       14         0
                intentry                              4        4        A         0
                reset_vec                             0        0        3         0
                text8                                25       25      327         0
                text7                               7A8      7A8       20         0
                text6                               7C8      7C8       1C         0
                text5                               7E4      7E4        D         0
                text4                               697      697       63         0
                text3                               6FA      6FA       4C         0
                text2                               746      746       39         0
                text1                               77F      77F       29         0
                maintext                            34C      34C      2D1         0

        CLASS   STRCODE        

        CLASS   STRING         
                strings                             61D      61D       7A         0

        CLASS   CONST          

        CLASS   ENTRY          

        CLASS   COMMON         
                cstackCOMMON                         70       70        5         1
                bssCOMMON                            75       75        4         1

        CLASS   BANK0          
                cstackBANK0                          20       20        D         1
                bssBANK0                             2D       2D        A         1

        CLASS   BANK1          

        CLASS   BANK2          

        CLASS   BANK3          

        CLASS   RAM            

        CLASS   ABS1           
                abs_s1                               7E       7E        2         1

        CLASS   SFR0           

        CLASS   SFR1           

        CLASS   SFR2           

        CLASS   SFR3           

        CLASS   CONFIG         
                config                             2007     2007        1         4

        CLASS   IDLOC          

        CLASS   EEDATA         

        CLASS   STACK          



SEGMENTS        Name                           Load    Length   Top    Selector   Space  Class     Delta

                reset_vec                      000000  000003  000003         0       0  CODE        2
                intentry                       000004  000619  00061D         8       0  CODE        2
                cstackBANK0                    000020  000017  000037        20       1  BANK0       1
                cstackCOMMON                   000070  000009  000079        70       1  COMMON      1
                strings                        00061D  00007A  000697       C3A       0  STRING      2
                text4                          000697  00015A  0007F1       D2E       0  CODE        2


UNUSED ADDRESS RANGES

        Name                Unused          Largest block    Delta
        BANK0            0037-006F             39           1
        BANK1            00A0-00EF             50           1
        BANK2            0110-016F             60           1
        BANK3            0190-01EF             60           1
        CODE             0003-0003              1           2
                         07F1-1FFF            800
        COMMON           0079-007D              5           1
        CONST            0003-0003              1           2
                         07F1-1FFF            100
        EEDATA           2100-21FF            100           2
        ENTRY            0003-0003              1           2
                         07F1-1FFF            100
        IDLOC            2000-2003              4           2
        RAM              0037-006F             39           1
                         00A0-00EF             50
                         0110-016F             60
                         0190-01EF             60
        SFR0             0000-001F             20           1
        SFR1             0080-009F             20           1
        SFR2             0100-010F             10           1
        SFR3             0180-018F             10           1
        STRCODE          0003-0003              1           2
                         07F1-1FFF           180F
        STRING           0003-0003              1           2
                         07F1-1FFF            100

                                  Symbol Table

Lcd_Cmd@a                 cstackBANK0  0023
Lcd_Port@a                cstackBANK0  0020
Lcd_Set_Cursor@a          cstackBANK0  0026
Lcd_Set_Cursor@b          cstackBANK0  0024
Lcd_Set_Cursor@temp       cstackBANK0  0029
Lcd_Set_Cursor@y          cstackBANK0  0028
Lcd_Set_Cursor@z          cstackBANK0  0027
Lcd_Write_Char@a          cstackBANK0  0024
Lcd_Write_Char@temp       cstackBANK0  0022
Lcd_Write_Char@y          cstackBANK0  0023
Lcd_Write_String@a        cstackBANK0  0027
Lcd_Write_String@i        cstackBANK0  0025
_ADCON0bits               (abs)        001F
_ADCON1bits               (abs)        009F
_ADIF                     (abs)        0066
_ADRESH                   (abs)        001E
_ADRESL                   (abs)        009E
_B                        bssBANK0     0033
_INTCONbits               (abs)        000B
_INTF                     (abs)        0059
_Lcd_Clear                text5        07E4
_Lcd_Cmd                  text6        07C8
_Lcd_Init                 text4        0697
_Lcd_Port                 text7        07A8
_Lcd_Set_Cursor           text3        06FA
_Lcd_Write_Char           text2        0746
_Lcd_Write_String         text1        077F
_OPTION_REGbits           (abs)        0081
_PIE1bits                 (abs)        008C
_PIR1bits                 (abs)        000C
_PORTBbits                (abs)        0006
_PORTCbits                (abs)        0007
_RD2                      (abs)        0042
_RD3                      (abs)        0043
_RD4                      (abs)        0044
_RD5                      (abs)        0045
_RD6                      (abs)        0046
_RD7                      (abs)        0047
_SA                       bssBANK0     002D
_SE                       bssBANK0     002F
_SP                       bssBANK0     0031
_T1CONbits                (abs)        0010
_TMR1H                    (abs)        000F
_TMR1IF                   (abs)        0060
_TMR1L                    (abs)        000E
_TRISA                    (abs)        0085
_TRISB                    (abs)        0086
_TRISC                    (abs)        0087
_TRISD                    (abs)        0088
_TrataInt                 text8        0025
__Habs1                   abs1         0000
__Hbank0                  bank0        0000
__Hbank1                  bank1        0000
__Hbank2                  bank2        0000
__Hbank3                  bank3        0000
__HbssBANK0               bssBANK0     0000
__HbssCOMMON              bssCOMMON    0000
__Hcinit                  cinit        0025
__Hclrtext                clrtext      0000
__Hcode                   code         0000
__Hcommon                 common       0000
__Hconfig                 config       2008
__HcstackBANK0            cstackBANK0  0000
__HcstackCOMMON           cstackCOMMON 0000
__Heeprom_data            eeprom_data  0000
__Hend_init               end_init     0011
__Hfunctab                functab      0000
__Hinit                   init         000E
__Hintentry               intentry     000E
__Hmaintext               maintext     0000
__Hpowerup                powerup      0000
__Hram                    ram          0000
__Hreset_vec              reset_vec    0003
__Hsfr0                   sfr0         0000
__Hsfr1                   sfr1         0000
__Hsfr2                   sfr2         0000
__Hsfr3                   sfr3         0000
__Hspace_0                (abs)        07F1
__Hspace_1                (abs)        0079
__Hspace_2                (abs)        0000
__Hspace_3                (abs)        0000
__Hspace_4                (abs)        400F
__Hstack                  stack        0000
__Hstrings                strings      0000
__Htext                   text         0000
__Labs1                   abs1         0000
__Lbank0                  bank0        0000
__Lbank1                  bank1        0000
__Lbank2                  bank2        0000
__Lbank3                  bank3        0000
__LbssBANK0               bssBANK0     0000
__LbssCOMMON              bssCOMMON    0000
__Lcinit                  cinit        0011
__Lclrtext                clrtext      0000
__Lcode                   code         0000
__Lcommon                 common       0000
__Lconfig                 config       0000
__LcstackBANK0            cstackBANK0  0000
__LcstackCOMMON           cstackCOMMON 0000
__Leeprom_data            eeprom_data  0000
__Lend_init               end_init     000E
__Lfunctab                functab      0000
__Linit                   init         000E
__Lintentry               intentry     0004
__Lmaintext               maintext     0000
__Lpowerup                powerup      0000
__Lram                    ram          0000
__Lreset_vec              reset_vec    0000
__Lsfr0                   sfr0         0000
__Lsfr1                   sfr1         0000
__Lsfr2                   sfr2         0000
__Lsfr3                   sfr3         0000
__Lspace_0                (abs)        0000
__Lspace_1                (abs)        0000
__Lspace_2                (abs)        0000
__Lspace_3                (abs)        0000
__Lspace_4                (abs)        0000
__Lstack                  stack        0000
__Lstrings                strings      0000
__Ltext                   text         0000
__S0                      (abs)        07F1
__S1                      (abs)        0079
__S3                      (abs)        0000
___int_sp                 stack        0000
___latbits                (abs)        0002
___sp                     stack        0000
___stackhi                (abs)        0000
___stacklo                (abs)        0000
__end_of_Lcd_Clear        text5        07F1
__end_of_Lcd_Cmd          text6        07E4
__end_of_Lcd_Init         text4        06FA
__end_of_Lcd_Port         text7        07C8
__end_of_Lcd_Set_Cursor   text3        0746
__end_of_Lcd_Write_Char   text2        077F
__end_of_Lcd_Write_String text1        07A8
__end_of_TrataInt         text8        034C
__end_of__initialization  cinit        0021
__end_of__stringtab       strings      0623
__end_of_main             maintext     061D
__initialization          cinit        0011
__pbssBANK0               bssBANK0     002D
__pbssCOMMON              bssCOMMON    0075
__pcstackBANK0            cstackBANK0  0020
__pcstackCOMMON           cstackCOMMON 0070
__pintentry               intentry     0004
__pmaintext               maintext     034C
__pstrings                strings      061D
__ptext1                  text1        077F
__ptext2                  text2        0746
__ptext3                  text3        06FA
__ptext4                  text4        0697
__ptext5                  text5        07E4
__ptext6                  text6        07C8
__ptext7                  text7        07A8
__ptext8                  text8        0025
__stringbase              strings      0622
__stringtab               strings      061D
_conta                    bssCOMMON    0077
_main                     maintext     034C
_paradas                  bssCOMMON    0075
_valor                    bssBANK0     0035
btemp                     (abs)        007E
end_of_initialization     cinit        0021
interrupt_function        intentry     0004
intlevel0                 functab      0000
intlevel1                 functab      0000
intlevel2                 functab      0000
intlevel3                 functab      0000
intlevel4                 functab      0000
intlevel5                 functab      0000
reset_vec                 reset_vec    0000
saved_w                   (abs)        007E
start                     init         000E
start_initialization      cinit        0011
wtemp0                    (abs)        007E


MODULE INFORMATION

Module		Function		Class		Link	Load	Size
./lcd.h
		_Lcd_Write_String		CODE           	077F	0000	41
		_Lcd_Init      		CODE           	0697	0000	99
		_Lcd_Write_Char		CODE           	0746	0000	57
		_Lcd_Cmd       		CODE           	07C8	0000	28
		_Lcd_Set_Cursor		CODE           	06FA	0000	76
		_Lcd_Clear     		CODE           	07E4	0000	13
		_Lcd_Port      		CODE           	07A8	0000	32

./lcd.h estimated size: 346

shared
		__stringtab    		STRING         	061D	0000	6
		__initialization		CODE           	0011	0000	16

shared estimated size: 22

main.c
		_TrataInt      		CODE           	0025	0000	807
		_main          		CODE           	034C	0000	721

main.c estimated size: 1528

